---
source: crates/ainb-core/tests/snapshot_log_history_viewer.rs
expression: rendered
---
╭📋  Log History────────────────────────────────────────────────────────────────────────────────────────────────────────────────────────────────────────────────────────────────────────────────────────╮
│╭📁  Not configured──────╮╭Logs [0] [ALL]─────────────────────────────────────────────────────────────────────────────────────────────────────────────────────────────────────────────────────────────╮│
││  No log files found   ││                                                                      Select a log file to view logs                                                                       ││
││                       ││                                                                                                                                                                           ││
││                       ││                                                                                                                                                                           ││
││                       ││                                                                                                                                                                           ││
││                       ││                                                                                                                                                                           ││
││                       ││                                                                                                                                                                           ││
││                       ││                                                                                                                                                                           ││
││                       ││                                                                                                                                                                           ││
││                       ││                                                                                                                                                                           ││
││                       ││                                                                                                                                                                           ││
││                       ││                                                                                                                                                                           ││
││                       ││                                                                                                                                                                           ││
││                       ││                                                                                                                                                                           ││
││                       ││                                                                                                                                                                           ││
││                       ││                                                                                                                                                                           ││
││                       ││                                                                                                                                                                           ││
││                       ││                                                                                                                                                                           ││
││                       ││                                                                                                                                                                           ││
││                       ││                                                                                                                                                                           ││
││                       ││                                                                                                                                                                           ││
││                       ││                                                                                                                                                                           ││
││                       ││                                                                                                                                                                           ││
││                       ││                                                                                                                                                                           ││
││                       ││                                                                                                                                                                           ││
││                       ││                                                                                                                                                                           ││
││                       ││                                                                                                                                                                           ││
││                       ││                                                                                                                                                                           ││
││                       ││                                                                                                                                                                           ││
││                       ││                                                                                                                                                                           ││
││                       ││                                                                                                                                                                           ││
││                       ││                                                                                                                                                                           ││
││                       ││                                                                                                                                                                           ││
││                       ││                                                                                                                                                                           ││
││                       ││                                                                                                                                                                           ││
││                       ││                                                                                                                                                                           ││
││                       ││                                                                                                                                                                           ││
││                       ││                                                                                                                                                                           ││
││                       ││                                                                                                                                                                           ││
││                       ││                                                                                                                                                                           ││
││                       ││                                                                                                                                                                           ││
││                       ││                                                                                                                                                                           ││
││                       ││                                                                                                                                                                           ││
││                       ││                                                                                                                                                                           ││
││                       ││                                                                                                                                                                           ││
││                       ││                                                                                                                                                                           ││
││                       ││                                                                                                                                                                           ││
││                       ││                                                                                                                                                                           ││
││                       ││                                                                                                                                                                           ││
││                       ││                                                                                                                                                                           ││
││                       ││                                                                                                                                                                           ││
││                       ││                                                                                                                                                                           ││
││                       ││                                                                                                                                                                           ││
││                       ││                                                                                                                                                                           ││
││                       ││                                                                                                                                                                           ││
││                       ││                                                                                                                                                                           ││
││                       ││                                                                                                                                                                           ││
│╰───────────────────────╯╰───────────────────────────────────────────────────────────────────────────────────────────────────────────────────────────────────────────────────────────────────────────╯│
╰──────────────────────────────────────────────────────────────────────────────────────────────────────────────────────────────────────────────────────────────────────────────────────────────────────╯
