╭ 📥  Inbox  100 unread─────────────────────────────────────────────────────────────────────────────────────────────────╮
│1 more rows not shown, 1 summaries cut                                                                                │
│● issue   New issue: the inbox reads the daemon                                                                       │
│○ comment New comment on issue-7                                                                                      │
│● task    New issue: the release checklist for the desktop bundle, every step the human drives before the tag, the    │
│release checklist for the desktop bundle, every step the human drives before the tag, the release checklist for the   │
│desktop bundle, every step the huma [cut]                                                                             │
│● task    Task queued: filler-0                                                                                       │
│● task    Task queued: filler-1                                                                                       │
│● task    Task queued: filler-2                                                                                       │
│● task    Task queued: filler-3                                                                                       │
│● task    Task queued: filler-4                                                                                       │
│● task    Task queued: filler-5                                                                                       │
│● task    Task queued: filler-6                                                                                       │
│● task    Task queued: filler-7                                                                                       │
│● task    Task queued: filler-8                                                                                       │
│● task    Task queued: filler-9                                                                                       │
│● task    Task queued: filler-10                                                                                      │
│● task    Task queued: filler-11                                                                                      │
│● task    Task queued: filler-12                                                                                      │
│● task    Task queued: filler-13                                                                                      │
│● task    Task queued: filler-14                                                                                      │
│● task    Task queued: filler-15                                                                                      │
│● task    Task queued: filler-16                                                                                      │
│● task    Task queued: filler-17                                                                                      │
│● task    Task queued: filler-18                                                                                      │
│● task    Task queued: filler-19                                                                                      │
│● task    Task queued: filler-20                                                                                      │
│● task    Task queued: filler-21                                                                                      │
│● task    Task queued: filler-22                                                                                      │
│● task    Task queued: filler-23                                                                                      │
│● task    Task queued: filler-24                                                                                      │
│● task    Task queued: filler-25                                                                                      │
│● task    Task queued: filler-26                                                                                      │
│r mark all read  esc back                                                                                             │
╰──────────────────────────────────────────────────────────────────────────────────────────────────────────────────────╯
