---
source: crates/ainb-plugin-hangar/tests/autopilots_screen_snapshot.rs
expression: full
---
                                                                                            [a]dd [r]un [d]isable [e]dit
◷ Autopilots (3)                                                                                                    ⋯ +
────────────────────────────────────────────────────────────────────────────────────────────────────────────────────────
┏━━━━━━━━━━━━━━━━━━━━━━━━━━━━━━━━━━━━━━━━━━━━━━━━━━━━━━━━━━━━━━━━━━━━━━━━━━━━━━━━━━━━━━━━━━━━━━━━━━━━━━━━━━━━━━━━━━━━━━┓
┃daily-triage                                                                                                          ┃
┃0 9 * * 1-5 · enabled · last completed                                                                                ┃
┃                                                                                                                      ┃
┃◇ None                                                                                                              ◔d┃
┗━━━━━━━━━━━━━━━━━━━━━━━━━━━━━━━━━━━━━━━━━━━━━━━━━━━━━━━━━━━━━━━━━━━━━━━━━━━━━━━━━━━━━━━━━━━━━━━━━━━━━━━━━━━━━━━━━━━━━━┛

╭──────────────────────────────────────────────────────────────────────────────────────────────────────────────────────╮
│nightly-clean                                                                                                         │
│0 2 * * * · enabled · last completed                                                                                  │
│                                                                                                                      │
│◇ None                                                                                                              ◔n│
╰──────────────────────────────────────────────────────────────────────────────────────────────────────────────────────╯

╭──────────────────────────────────────────────────────────────────────────────────────────────────────────────────────╮
│weekly-report                                                                                                         │
│0 9 * * MON · enabled · last skipped                                                                                  │
│                                                                                                                      │
│◇ None                                                                                                              ◔w│
╰──────────────────────────────────────────────────────────────────────────────────────────────────────────────────────╯

─ Recent runs (daily-triage) ───────────────────────────────────────────────────────────────────────────────────────────
(no runs yet)
