---
source: crates/ainb-plugin-hangar/tests/snapshot_boards.rs
expression: map
---
Board: Delivery   [1/1]   auto-move ON
↵:run/rerun  a:attach  X:cancel  t:timeline  e:edit  d:remove  q:squad  D:depends-on  R:auto-run  ⇧↑↓:move card  n:add c
○ Todo (1)                                                                                                          ⋯ +
────────────────────────────────────────────────────────────────────────────────────────────────────────────────────────
┏━━━━━━━━━━━━━━━━━━━━━━━━━━━━━━━━━━━━━━━━━━━━━━━━━━━━━━━━━━━━━━━━━━━━━━━━━━━━━━━━━━━━━━━━━━━━━━━━━━━━━━━━━━━━━━━━━━━━━━┓
┃🔒 #dep01                                                                                                              ┃
┃Ship the migration 🔒[ock-1]                                                                                           ┃
┃                                                                                                                      ┃
┃◇ None                                                                                                              ◔S┃
┗━━━━━━━━━━━━━━━━━━━━━━━━━━━━━━━━━━━━━━━━━━━━━━━━━━━━━━━━━━━━━━━━━━━━━━━━━━━━━━━━━━━━━━━━━━━━━━━━━━━━━━━━━━━━━━━━━━━━━━┛
