---
source: crates/ainb-plugin-hangar/tests/snapshot_daemon_health.rs
expression: full
---
Daemon health
daemon: 1.15.0

runtime: claude  ● connected  pid 14829

claim cache: 12/64  ▓▓▓░░░░░░░░░░░░░░░░░ 18%

concurrent: 3 active

throughput (60s):
                                                   ▁▂▃▄▅▆▇██
                                           ▁▂▃▄▅▆▇██████████
                                   ▁▂▃▄▅▆▇██████████████████
                            ▂▃▄▅▆▇██████████████████████████
                        ▁▂▃▄████████████████████████████████
                ▁▂▃▄▅▆▇█████████████████████████████████████
        ▁▂▃▄▅▆▇█████████████████████████████████████████████
▁▂▃▄▅▆▇█████████████████████████████████████████████████████
