---
source: crates/ainb-core/tests/snapshot_baselines.rs
---
╭──────────────────────────────────────────────────────────────────────────────╮
│📊  Usage Analytics  │  Total: 150 tokens  │  1 days  1 projects  1 sessions   │
╰──────────────────────────────────────────────────────────────────────────────╯
╭──────────────────────────────────────────────────────────────────────────────╮
│  Provider: ✻ Claude Code  │  ✦ Codex CLI  │  ✨  Gemini CLI  │  🐙  Copilot    │
╰──────────────────────────────────────────────────────────────────────────────╯
╭──────────────────────────────────────────────────────────────────────────────╮
│ Burndown  │  Daily  │  Weekly  │  By Project  │  Optimize                    │
╰──────────────────────────────────────────────────────────────────────────────╯
╭──────────────────────────────────────────────────────────────────────────────╮
│#    Project              Total      Input      Cache      Output     Sessions│
│                                                                              │
│1    agents-in-a-box      150        100        0          50         1       │
│                                                                              │
│                                                                              │
│                                                                              │
│                                                                              │
│                                                                              │
│                                                                              │
│                                                                              │
│                                                                              │
╰──────────────────────────────────────────────────────────────────────────────╯
 ◀/▶ p provider  1 Today  2 7d  3 30d  4 90d  5 YTD  m Month  q Quarter  a All
