---
source: crates/ainb-core/tests/snapshot_baselines.rs
---
╭──────────────────────────────────────────────────────────────────────────────╮
│📊  Usage Analytics  │  Total: 150 tokens  │  1 days  1 projects  1 sessions   │
╰──────────────────────────────────────────────────────────────────────────────╯
╭──────────────────────────────────────────────────────────────────────────────╮
│  Provider: ✻ Claude Code  │  ✦ Codex CLI  │  ✨  Gemini CLI  │  🐙  Copilot    │
╰──────────────────────────────────────────────────────────────────────────────╯
╭──────────────────────────────────────────────────────────────────────────────╮
│ Burndown  │  Daily  │  Weekly  │  By Project  │  Optimize                    │
╰──────────────────────────────────────────────────────────────────────────────╯
┌ [ Burndown ] ────────────────────────────────────────────────────────────────┐
│◆ agents-in-a-box · usage command center    ● live                            │
│Cost $0.42  Calls 2  Sessions 1  Projects 1  Cache hit 0.0%                   │
│Tokens 150  Cache 0  In 100  Out 50  Projected month $1.80                    │
│Period:  1 Today    2 7d    3 30d    4 90d    5 YTD   [◀ May 2026 ▶ m Month]  │
│Provider:  All    Claude    Codex   (P)                                       │
│Filters: (none)                                                               │
│┌ [ Daily Activity ] ────────────────────────────────────────────────────────┐│
│┌ [ By Project ] ────────────────────────────────────────────────────────────┐│
│┌ [ Top Sessions ] ──────────────────────────────────────────────────────────┐│
│┌ [ By Model ] ──────────────────────────────────────────────────────────────┐│
│┌ [ By Branch ] ─────────────────────────────────────────────────────────────┐│
└──────────────────────────────────────────────────────────────────────────────┘
 ◀/▶ p provider  1 Today  2 7d  3 30d  4 90d  5 YTD  m Month  q Quarter  a All
