{
  "activities": [],
  "daily": [
    [
      "2026-05-01",
      {
        "cache_creation_tokens": 800,
        "cache_read_tokens": 13500,
        "call_count": 3,
        "cost_usd": 0.0273,
        "input_tokens": 4400,
        "output_tokens": 470,
        "project_count": 1,
        "reasoning_tokens": 0,
        "session_count": 1
      }
    ]
  ],
  "mcp_servers": [],
  "models": [
    {
      "bucket": {
        "cache_creation_tokens": 800,
        "cache_read_tokens": 13500,
        "call_count": 3,
        "cost_usd": 0.0273,
        "input_tokens": 4400,
        "output_tokens": 470,
        "project_count": 1,
        "reasoning_tokens": 0,
        "session_count": 1
      },
      "model": "claude-sonnet-4-5"
    }
  ],
  "overview": {
    "calls": 3,
    "cost_usd": 0.0273,
    "projects": 1,
    "sessions": 1,
    "tokens": 19170
  },
  "projects": [
    {
      "bucket": {
        "cache_creation_tokens": 800,
        "cache_read_tokens": 13500,
        "call_count": 3,
        "cost_usd": 0.0273,
        "input_tokens": 4400,
        "output_tokens": 470,
        "project_count": 1,
        "reasoning_tokens": 0,
        "session_count": 1
      },
      "name": "agents-in-a-box",
      "path": "/tmp/fixture-project",
      "repo": null
    }
  ],
  "sessions": [
    {
      "bucket": {
        "cache_creation_tokens": 800,
        "cache_read_tokens": 13500,
        "call_count": 3,
        "cost_usd": 0.0273,
        "input_tokens": 4400,
        "output_tokens": 470,
        "project_count": 0,
        "reasoning_tokens": 0,
        "session_count": 0
      },
      "first_timestamp": "2026-05-01T12:00:30Z",
      "last_timestamp": "2026-05-01T12:02:00Z",
      "project": "agents-in-a-box",
      "provider": "claude",
      "session_id": "sess-fixture-001"
    }
  ],
  "shell_commands": [
    {
      "calls": 1,
      "name": "cargo test"
    }
  ],
  "tools": [
    {
      "calls": 1,
      "name": "Bash"
    },
    {
      "calls": 1,
      "name": "Edit"
    }
  ]
}
