---
source: "../plugins/hangar-tui/tests/snapshot_daemon_health.rs"
assertion_line: 104
expression: full
---
Daemon health

runtime: claude  ● connected  pid 14829

claim cache: 12/64  ▓▓▓░░░░░░░░░░░░░░░░░ 18%

concurrent: 3 active

throughput (60s):
                                                   ▁▂▃▄▅▆▇██
                                           ▁▂▃▄▅▆▇██████████
                                   ▁▂▃▄▅▆▇██████████████████
                            ▂▃▄▅▆▇██████████████████████████
                        ▁▂▃▄████████████████████████████████
                ▁▂▃▄▅▆▇█████████████████████████████████████
        ▁▂▃▄▅▆▇█████████████████████████████████████████████
▁▂▃▄▅▆▇█████████████████████████████████████████████████████
